Mplus VERSION 8.11
MUTHEN & MUTHEN
02/02/2026   2:59 AM

INPUT INSTRUCTIONS

  TITLE: thesis ess11 factor scores

  DATA: FILE = ess11_analysis_dataset_mplus_nocolnames.csv ;

  VARIABLE:

  NAMES = ppltrst pplfair pplhlp
          sclmeet inprdsc sclact
          imbgeco imueclt imwbcnt
          trstprl trstlgl trstplt trstprt
          stfgov stfdem stfedu stfhlth
          row_id
          nuts1_num;

  USEVARIABLES =  ppltrst pplfair pplhlp
                  sclmeet inprdsc sclact
                  imbgeco imueclt imwbcnt
                  trstprl trstplt trstprt
                  !trstlgl was taken out of the model
                  stfgov stfdem stfedu stfhlth
                  nuts1_num;

  AUXILIARY = row_id;

  CLUSTER = nuts1_num;

  ANALYSIS:

  TYPE = TWOLEVEL;
  ESTIMATOR = MLR;
  ALGORITHM=INTEGRATION;
  INTEGRATION = MONTECARLO;
  !INTEGRATION = MONTECARLO(1000);
  !MCCONVERGENCE = 0.00001
  MCSEED = 123;

  MODEL:

  %WITHIN%
  f1w BY ppltrst pplfair pplhlp;
  f2w BY sclmeet inprdsc sclact;
  f3w BY imbgeco imueclt imwbcnt;
  f4w BY trstprl trstplt trstprt; !trstlgl was taken out of the model
  f5w BY stfgov stfdem stfedu stfhlth;

  %BETWEEN%
  f1b BY ppltrst pplfair pplhlp;
  f2b BY sclmeet inprdsc sclact;
  f3b BY imbgeco imueclt imwbcnt;
  f4b BY trstprl trstplt trstprt; !trstlgl was taken out of the model
  f5b BY stfgov stfdem stfedu stfhlth;

  OUTPUT: TECH1;

  SAVEDATA:

  FILE IS ess11_analysis_dataset_mplus_nocolnames_fscores_nuts1.csv;
  SAVE = FSCORES;










INPUT READING TERMINATED NORMALLY



thesis ess11 factor scores

SUMMARY OF ANALYSIS

Number of groups                                                 1
Number of observations                                       38272

Number of dependent variables                                   16
Number of independent variables                                  0
Number of continuous latent variables                           10

Observed dependent variables

  Continuous
   PPLTRST     PPLFAIR     PPLHLP      SCLMEET     INPRDSC     SCLACT
   IMBGECO     IMUECLT     IMWBCNT     TRSTPRL     TRSTPLT     TRSTPRT
   STFGOV      STFDEM      STFEDU      STFHLTH

Observed auxiliary variables
   ROW_ID

Continuous latent variables
   F1W         F2W         F3W         F4W         F5W         F1B
   F2B         F3B         F4B         F5B

Variables with special functions

  Cluster variable      NUTS1_NU

Estimator                                                      MLR
Information matrix                                        OBSERVED
Optimization Specifications for the Quasi-Newton Algorithm for
Continuous Outcomes
  Maximum number of iterations                                 100
  Convergence criterion                                  0.100D-05
Optimization Specifications for the EM Algorithm
  Maximum number of iterations                                 500
  Convergence criteria
    Loglikelihood change                                 0.100D-02
    Relative loglikelihood change                        0.100D-05
    Derivative                                           0.100D-02
Optimization Specifications for the M step of the EM Algorithm for
Categorical Latent variables
  Number of M step iterations                                    1
  M step convergence criterion                           0.100D-02
  Basis for M step termination                           ITERATION
Optimization Specifications for the M step of the EM Algorithm for
Censored, Binary or Ordered Categorical (Ordinal), Unordered
Categorical (Nominal) and Count Outcomes
  Number of M step iterations                                    1
  M step convergence criterion                           0.100D-02
  Basis for M step termination                           ITERATION
  Maximum value for logit thresholds                            15
  Minimum value for logit thresholds                           -15
  Minimum expected cell size for chi-square              0.100D-01
Optimization algorithm                                         EMA
Integration Specifications
  Type                                                  MONTECARLO
  Number of integration points                                   1
  Dimensions of numerical integration                            0
  Adaptive quadrature                                          OFF
  Monte Carlo integration seed                                 123
Cholesky                                                       OFF

Input data file(s)
  ess11_analysis_dataset_mplus_nocolnames.csv
Input data format  FREE


SUMMARY OF DATA

     Number of clusters                         96




UNIVARIATE SAMPLE STATISTICS


     UNIVARIATE HIGHER-ORDER MOMENT DESCRIPTIVE STATISTICS

         Variable/         Mean/     Skewness/   Minimum/ % with                Percentiles
        Sample Size      Variance    Kurtosis    Maximum  Min/Max      20%/60%    40%/80%    Median

     PPLTRST               5.115      -0.355       0.000    5.78%       3.000      5.000      5.000
           38272.000       5.816      -0.515      10.000    1.73%       6.000      7.000
     PPLFAIR               5.661      -0.465       0.000    3.10%       4.000      5.000      6.000
           38272.000       5.095      -0.185      10.000    2.54%       7.000      8.000
     PPLHLP                5.058      -0.262       0.000    4.49%       3.000      5.000      5.000
           38272.000       5.350      -0.469      10.000    1.57%       6.000      7.000
     SCLMEET               4.812      -0.432       1.000    1.54%       3.000      4.000      5.000
           38272.000       2.422      -0.688       7.000   13.52%       6.000      6.000
     INPRDSC               2.774       0.093       0.000    4.58%       1.000      2.000      3.000
           38272.000       1.990      -0.450       6.000    3.68%       3.000      4.000
     SCLACT                2.743       0.023       1.000    8.99%       2.000      3.000      3.000
           38272.000       0.812       0.023       5.000    2.86%       3.000      3.000
     IMBGECO               5.347      -0.320       0.000    6.38%       3.000      5.000      5.000
           38272.000       6.630      -0.471      10.000    5.12%       6.000      8.000
     IMUECLT               5.431      -0.265       0.000    5.86%       3.000      5.000      5.000
           38272.000       6.965      -0.585      10.000    6.40%       6.000      8.000
     IMWBCNT               5.073      -0.173       0.000    6.00%       3.000      5.000      5.000
           38272.000       5.983      -0.312      10.000    4.01%       5.000      7.000
     TRSTPRL               4.519      -0.105       0.000   10.90%       2.000      4.000      5.000
           38272.000       6.993      -0.836      10.000    2.09%       5.000      7.000
     TRSTPLT               3.693       0.096       0.000   14.87%       1.000      3.000      4.000
           38272.000       6.044      -0.857      10.000    0.70%       5.000      6.000
     TRSTPRT               3.682       0.090       0.000   14.31%       1.000      3.000      4.000
           38272.000       5.847      -0.830      10.000    0.63%       5.000      6.000
     STFGOV                4.116       0.001       0.000   11.54%       2.000      3.000      4.000
           38272.000       6.253      -0.795      10.000    1.07%       5.000      6.000
     STFDEM                5.091      -0.278       0.000    6.84%       3.000      5.000      5.000
           38272.000       6.624      -0.691      10.000    2.31%       6.000      7.000
     STFEDU                5.213      -0.272       0.000    4.38%       3.000      5.000      5.000
           38272.000       5.756      -0.561      10.000    2.11%       6.000      7.000
     STFHLTH               5.071      -0.209       0.000    5.40%       3.000      5.000      5.000
           38272.000       6.451      -0.763      10.000    2.33%       6.000      7.000


THE MODEL ESTIMATION TERMINATED NORMALLY



MODEL FIT INFORMATION

Number of Free Parameters                       84

Loglikelihood

          H0 Value                    -1188300.481
          H0 Scaling Correction Factor     20.0675
            for MLR

Information Criteria

          Akaike (AIC)                 2376768.963
          Bayesian (BIC)               2377487.371
          Sample-Size Adjusted BIC     2377220.419
            (n* = (n + 2) / 24)



MODEL RESULTS

                                                    Two-Tailed
                    Estimate       S.E.  Est./S.E.    P-Value

Within Level

 F1W      BY
    PPLTRST            1.000      0.000    999.000    999.000
    PPLFAIR            0.896      0.016     56.139      0.000
    PPLHLP             0.818      0.020     39.968      0.000

 F2W      BY
    SCLMEET            1.000      0.000    999.000    999.000
    INPRDSC            0.617      0.040     15.246      0.000
    SCLACT             0.677      0.043     15.712      0.000

 F3W      BY
    IMBGECO            1.000      0.000    999.000    999.000
    IMUECLT            1.099      0.021     51.494      0.000
    IMWBCNT            1.048      0.018     58.963      0.000

 F4W      BY
    TRSTPRL            1.000      0.000    999.000    999.000
    TRSTPLT            1.138      0.018     63.181      0.000
    TRSTPRT            1.075      0.019     57.860      0.000

 F5W      BY
    STFGOV             1.000      0.000    999.000    999.000
    STFDEM             0.966      0.014     70.621      0.000
    STFEDU             0.627      0.024     25.709      0.000
    STFHLTH            0.619      0.026     24.003      0.000

 F2W      WITH
    F1W                0.371      0.030     12.488      0.000

 F3W      WITH
    F1W                0.981      0.064     15.316      0.000
    F2W                0.312      0.034      9.279      0.000

 F4W      WITH
    F1W                1.238      0.048     25.987      0.000
    F2W                0.198      0.025      7.811      0.000
    F3W                1.012      0.064     15.870      0.000

 F5W      WITH
    F1W                1.257      0.059     21.171      0.000
    F2W                0.166      0.030      5.605      0.000
    F3W                1.118      0.094     11.842      0.000
    F4W                2.857      0.150     19.011      0.000

 Variances
    F1W                2.855      0.123     23.172      0.000
    F2W                0.747      0.076      9.780      0.000
    F3W                3.392      0.197     17.186      0.000
    F4W                3.563      0.157     22.626      0.000
    F5W                4.009      0.218     18.423      0.000

 Residual Variances
    PPLTRST            2.238      0.114     19.652      0.000
    PPLFAIR            2.114      0.116     18.157      0.000
    PPLHLP             2.726      0.118     23.045      0.000
    SCLMEET            1.558      0.086     18.060      0.000
    INPRDSC            1.394      0.049     28.249      0.000
    SCLACT             0.464      0.025     18.400      0.000
    IMBGECO            2.423      0.129     18.841      0.000
    IMUECLT            1.826      0.077     23.599      0.000
    IMWBCNT            1.525      0.087     17.592      0.000
    TRSTPRL            2.429      0.117     20.720      0.000
    TRSTPLT            0.627      0.037     16.890      0.000
    TRSTPRT            0.929      0.054     17.155      0.000
    STFGOV             2.125      0.145     14.641      0.000
    STFDEM             2.159      0.114     18.964      0.000
    STFEDU             3.292      0.113     29.022      0.000
    STFHLTH            3.811      0.173     21.988      0.000

Between Level

 F1B      BY
    PPLTRST            1.000      0.000    999.000    999.000
    PPLFAIR            0.978      0.059     16.554      0.000
    PPLHLP             0.993      0.074     13.424      0.000

 F2B      BY
    SCLMEET            1.000      0.000    999.000    999.000
    INPRDSC            1.718      0.622      2.762      0.006
    SCLACT             0.164      0.048      3.405      0.001

 F3B      BY
    IMBGECO            1.000      0.000    999.000    999.000
    IMUECLT            1.133      0.077     14.745      0.000
    IMWBCNT            0.948      0.073     13.051      0.000

 F4B      BY
    TRSTPRL            1.000      0.000    999.000    999.000
    TRSTPLT            0.880      0.062     14.304      0.000
    TRSTPRT            0.885      0.064     13.749      0.000

 F5B      BY
    STFGOV             1.000      0.000    999.000    999.000
    STFDEM             2.494      0.657      3.797      0.000
    STFEDU             2.743      0.935      2.934      0.003
    STFHLTH            3.061      1.165      2.629      0.009

 F2B      WITH
    F1B                0.151      0.051      2.985      0.003

 F3B      WITH
    F1B                0.433      0.072      5.999      0.000
    F2B                0.174      0.067      2.592      0.010

 F4B      WITH
    F1B                0.436      0.094      4.627      0.000
    F2B                0.154      0.057      2.708      0.007
    F3B                0.328      0.089      3.680      0.000

 F5B      WITH
    F1B                0.144      0.063      2.278      0.023
    F2B                0.046      0.025      1.821      0.069
    F3B                0.135      0.060      2.254      0.024
    F4B                0.156      0.086      1.800      0.072

 Intercepts
    PPLTRST            5.200      0.081     64.191      0.000
    PPLFAIR            5.746      0.071     80.420      0.000
    PPLHLP             5.142      0.081     63.770      0.000
    SCLMEET            4.908      0.056     86.877      0.000
    INPRDSC            2.944      0.055     53.536      0.000
    SCLACT             2.761      0.016    171.393      0.000
    IMBGECO            5.579      0.092     60.913      0.000
    IMUECLT            5.693      0.100     57.028      0.000
    IMWBCNT            5.292      0.095     55.688      0.000
    TRSTPRL            4.488      0.101     44.433      0.000
    TRSTPLT            3.664      0.095     38.448      0.000
    TRSTPRT            3.652      0.093     39.186      0.000
    STFGOV             4.087      0.098     41.596      0.000
    STFDEM             5.025      0.099     50.834      0.000
    STFEDU             5.138      0.097     52.920      0.000
    STFHLTH            4.993      0.113     44.110      0.000

 Variances
    F1B                0.517      0.080      6.448      0.000
    F2B                0.082      0.050      1.633      0.102
    F3B                0.689      0.123      5.607      0.000
    F4B                0.612      0.137      4.472      0.000
    F5B                0.074      0.056      1.332      0.183


QUALITY OF NUMERICAL RESULTS

     Condition Number for the Information Matrix              0.300E-07
       (ratio of smallest to largest eigenvalue)


TECHNICAL 1 OUTPUT


     PARAMETER SPECIFICATION FOR WITHIN


           NU
              PPLTRST       PPLFAIR       PPLHLP        SCLMEET       INPRDSC
              ________      ________      ________      ________      ________
                    0             0             0             0             0


           NU
              SCLACT        IMBGECO       IMUECLT       IMWBCNT       TRSTPRL
              ________      ________      ________      ________      ________
                    0             0             0             0             0


           NU
              TRSTPLT       TRSTPRT       STFGOV        STFDEM        STFEDU
              ________      ________      ________      ________      ________
                    0             0             0             0             0


           NU
              STFHLTH
              ________
                    0


           LAMBDA
              F1W           F2W           F3W           F4W           F5W
              ________      ________      ________      ________      ________
 PPLTRST            0             0             0             0             0
 PPLFAIR            1             0             0             0             0
 PPLHLP             2             0             0             0             0
 SCLMEET            0             0             0             0             0
 INPRDSC            0             3             0             0             0
 SCLACT             0             4             0             0             0
 IMBGECO            0             0             0             0             0
 IMUECLT            0             0             5             0             0
 IMWBCNT            0             0             6             0             0
 TRSTPRL            0             0             0             0             0
 TRSTPLT            0             0             0             7             0
 TRSTPRT            0             0             0             8             0
 STFGOV             0             0             0             0             0
 STFDEM             0             0             0             0             9
 STFEDU             0             0             0             0            10
 STFHLTH            0             0             0             0            11


           THETA
              PPLTRST       PPLFAIR       PPLHLP        SCLMEET       INPRDSC
              ________      ________      ________      ________      ________
 PPLTRST           12
 PPLFAIR            0            13
 PPLHLP             0             0            14
 SCLMEET            0             0             0            15
 INPRDSC            0             0             0             0            16
 SCLACT             0             0             0             0             0
 IMBGECO            0             0             0             0             0
 IMUECLT            0             0             0             0             0
 IMWBCNT            0             0             0             0             0
 TRSTPRL            0             0             0             0             0
 TRSTPLT            0             0             0             0             0
 TRSTPRT            0             0             0             0             0
 STFGOV             0             0             0             0             0
 STFDEM             0             0             0             0             0
 STFEDU             0             0             0             0             0
 STFHLTH            0             0             0             0             0


           THETA
              SCLACT        IMBGECO       IMUECLT       IMWBCNT       TRSTPRL
              ________      ________      ________      ________      ________
 SCLACT            17
 IMBGECO            0            18
 IMUECLT            0             0            19
 IMWBCNT            0             0             0            20
 TRSTPRL            0             0             0             0            21
 TRSTPLT            0             0             0             0             0
 TRSTPRT            0             0             0             0             0
 STFGOV             0             0             0             0             0
 STFDEM             0             0             0             0             0
 STFEDU             0             0             0             0             0
 STFHLTH            0             0             0             0             0


           THETA
              TRSTPLT       TRSTPRT       STFGOV        STFDEM        STFEDU
              ________      ________      ________      ________      ________
 TRSTPLT           22
 TRSTPRT            0            23
 STFGOV             0             0            24
 STFDEM             0             0             0            25
 STFEDU             0             0             0             0            26
 STFHLTH            0             0             0             0             0


           THETA
              STFHLTH
              ________
 STFHLTH           27


           ALPHA
              F1W           F2W           F3W           F4W           F5W
              ________      ________      ________      ________      ________
                    0             0             0             0             0


           BETA
              F1W           F2W           F3W           F4W           F5W
              ________      ________      ________      ________      ________
 F1W                0             0             0             0             0
 F2W                0             0             0             0             0
 F3W                0             0             0             0             0
 F4W                0             0             0             0             0
 F5W                0             0             0             0             0


           PSI
              F1W           F2W           F3W           F4W           F5W
              ________      ________      ________      ________      ________
 F1W               28
 F2W               29            30
 F3W               31            32            33
 F4W               34            35            36            37
 F5W               38            39            40            41            42


     PARAMETER SPECIFICATION FOR BETWEEN


           NU
              PPLTRST       PPLFAIR       PPLHLP        SCLMEET       INPRDSC
              ________      ________      ________      ________      ________
                   43            44            45            46            47


           NU
              SCLACT        IMBGECO       IMUECLT       IMWBCNT       TRSTPRL
              ________      ________      ________      ________      ________
                   48            49            50            51            52


           NU
              TRSTPLT       TRSTPRT       STFGOV        STFDEM        STFEDU
              ________      ________      ________      ________      ________
                   53            54            55            56            57


           NU
              STFHLTH
              ________
                   58


           LAMBDA
              F1B           F2B           F3B           F4B           F5B
              ________      ________      ________      ________      ________
 PPLTRST            0             0             0             0             0
 PPLFAIR           59             0             0             0             0
 PPLHLP            60             0             0             0             0
 SCLMEET            0             0             0             0             0
 INPRDSC            0            61             0             0             0
 SCLACT             0            62             0             0             0
 IMBGECO            0             0             0             0             0
 IMUECLT            0             0            63             0             0
 IMWBCNT            0             0            64             0             0
 TRSTPRL            0             0             0             0             0
 TRSTPLT            0             0             0            65             0
 TRSTPRT            0             0             0            66             0
 STFGOV             0             0             0             0             0
 STFDEM             0             0             0             0            67
 STFEDU             0             0             0             0            68
 STFHLTH            0             0             0             0            69


           THETA
              PPLTRST       PPLFAIR       PPLHLP        SCLMEET       INPRDSC
              ________      ________      ________      ________      ________
 PPLTRST            0
 PPLFAIR            0             0
 PPLHLP             0             0             0
 SCLMEET            0             0             0             0
 INPRDSC            0             0             0             0             0
 SCLACT             0             0             0             0             0
 IMBGECO            0             0             0             0             0
 IMUECLT            0             0             0             0             0
 IMWBCNT            0             0             0             0             0
 TRSTPRL            0             0             0             0             0
 TRSTPLT            0             0             0             0             0
 TRSTPRT            0             0             0             0             0
 STFGOV             0             0             0             0             0
 STFDEM             0             0             0             0             0
 STFEDU             0             0             0             0             0
 STFHLTH            0             0             0             0             0


           THETA
              SCLACT        IMBGECO       IMUECLT       IMWBCNT       TRSTPRL
              ________      ________      ________      ________      ________
 SCLACT             0
 IMBGECO            0             0
 IMUECLT            0             0             0
 IMWBCNT            0             0             0             0
 TRSTPRL            0             0             0             0             0
 TRSTPLT            0             0             0             0             0
 TRSTPRT            0             0             0             0             0
 STFGOV             0             0             0             0             0
 STFDEM             0             0             0             0             0
 STFEDU             0             0             0             0             0
 STFHLTH            0             0             0             0             0


           THETA
              TRSTPLT       TRSTPRT       STFGOV        STFDEM        STFEDU
              ________      ________      ________      ________      ________
 TRSTPLT            0
 TRSTPRT            0             0
 STFGOV             0             0             0
 STFDEM             0             0             0             0
 STFEDU             0             0             0             0             0
 STFHLTH            0             0             0             0             0


           THETA
              STFHLTH
              ________
 STFHLTH            0


           ALPHA
              F1B           F2B           F3B           F4B           F5B
              ________      ________      ________      ________      ________
                    0             0             0             0             0


           BETA
              F1B           F2B           F3B           F4B           F5B
              ________      ________      ________      ________      ________
 F1B                0             0             0             0             0
 F2B                0             0             0             0             0
 F3B                0             0             0             0             0
 F4B                0             0             0             0             0
 F5B                0             0             0             0             0


           PSI
              F1B           F2B           F3B           F4B           F5B
              ________      ________      ________      ________      ________
 F1B               70
 F2B               71            72
 F3B               73            74            75
 F4B               76            77            78            79
 F5B               80            81            82            83            84


     STARTING VALUES FOR WITHIN


           NU
              PPLTRST       PPLFAIR       PPLHLP        SCLMEET       INPRDSC
              ________      ________      ________      ________      ________
                0.000         0.000         0.000         0.000         0.000


           NU
              SCLACT        IMBGECO       IMUECLT       IMWBCNT       TRSTPRL
              ________      ________      ________      ________      ________
                0.000         0.000         0.000         0.000         0.000


           NU
              TRSTPLT       TRSTPRT       STFGOV        STFDEM        STFEDU
              ________      ________      ________      ________      ________
                0.000         0.000         0.000         0.000         0.000


           NU
              STFHLTH
              ________
                0.000


           LAMBDA
              F1W           F2W           F3W           F4W           F5W
              ________      ________      ________      ________      ________
 PPLTRST        1.000         0.000         0.000         0.000         0.000
 PPLFAIR        1.000         0.000         0.000         0.000         0.000
 PPLHLP         1.000         0.000         0.000         0.000         0.000
 SCLMEET        0.000         1.000         0.000         0.000         0.000
 INPRDSC        0.000         1.000         0.000         0.000         0.000
 SCLACT         0.000         1.000         0.000         0.000         0.000
 IMBGECO        0.000         0.000         1.000         0.000         0.000
 IMUECLT        0.000         0.000         1.000         0.000         0.000
 IMWBCNT        0.000         0.000         1.000         0.000         0.000
 TRSTPRL        0.000         0.000         0.000         1.000         0.000
 TRSTPLT        0.000         0.000         0.000         1.000         0.000
 TRSTPRT        0.000         0.000         0.000         1.000         0.000
 STFGOV         0.000         0.000         0.000         0.000         1.000
 STFDEM         0.000         0.000         0.000         0.000         1.000
 STFEDU         0.000         0.000         0.000         0.000         1.000
 STFHLTH        0.000         0.000         0.000         0.000         1.000


           THETA
              PPLTRST       PPLFAIR       PPLHLP        SCLMEET       INPRDSC
              ________      ________      ________      ________      ________
 PPLTRST        2.908
 PPLFAIR        0.000         2.548
 PPLHLP         0.000         0.000         2.675
 SCLMEET        0.000         0.000         0.000         1.211
 INPRDSC        0.000         0.000         0.000         0.000         0.995
 SCLACT         0.000         0.000         0.000         0.000         0.000
 IMBGECO        0.000         0.000         0.000         0.000         0.000
 IMUECLT        0.000         0.000         0.000         0.000         0.000
 IMWBCNT        0.000         0.000         0.000         0.000         0.000
 TRSTPRL        0.000         0.000         0.000         0.000         0.000
 TRSTPLT        0.000         0.000         0.000         0.000         0.000
 TRSTPRT        0.000         0.000         0.000         0.000         0.000
 STFGOV         0.000         0.000         0.000         0.000         0.000
 STFDEM         0.000         0.000         0.000         0.000         0.000
 STFEDU         0.000         0.000         0.000         0.000         0.000
 STFHLTH        0.000         0.000         0.000         0.000         0.000


           THETA
              SCLACT        IMBGECO       IMUECLT       IMWBCNT       TRSTPRL
              ________      ________      ________      ________      ________
 SCLACT         0.406
 IMBGECO        0.000         3.315
 IMUECLT        0.000         0.000         3.483
 IMWBCNT        0.000         0.000         0.000         2.991
 TRSTPRL        0.000         0.000         0.000         0.000         3.497
 TRSTPLT        0.000         0.000         0.000         0.000         0.000
 TRSTPRT        0.000         0.000         0.000         0.000         0.000
 STFGOV         0.000         0.000         0.000         0.000         0.000
 STFDEM         0.000         0.000         0.000         0.000         0.000
 STFEDU         0.000         0.000         0.000         0.000         0.000
 STFHLTH        0.000         0.000         0.000         0.000         0.000


           THETA
              TRSTPLT       TRSTPRT       STFGOV        STFDEM        STFEDU
              ________      ________      ________      ________      ________
 TRSTPLT        3.022
 TRSTPRT        0.000         2.924
 STFGOV         0.000         0.000         3.126
 STFDEM         0.000         0.000         0.000         3.312
 STFEDU         0.000         0.000         0.000         0.000         2.878
 STFHLTH        0.000         0.000         0.000         0.000         0.000


           THETA
              STFHLTH
              ________
 STFHLTH        3.226


           ALPHA
              F1W           F2W           F3W           F4W           F5W
              ________      ________      ________      ________      ________
                0.000         0.000         0.000         0.000         0.000


           BETA
              F1W           F2W           F3W           F4W           F5W
              ________      ________      ________      ________      ________
 F1W            0.000         0.000         0.000         0.000         0.000
 F2W            0.000         0.000         0.000         0.000         0.000
 F3W            0.000         0.000         0.000         0.000         0.000
 F4W            0.000         0.000         0.000         0.000         0.000
 F5W            0.000         0.000         0.000         0.000         0.000


           PSI
              F1W           F2W           F3W           F4W           F5W
              ________      ________      ________      ________      ________
 F1W            0.050
 F2W            0.000         0.050
 F3W            0.000         0.000         0.050
 F4W            0.000         0.000         0.000         0.050
 F5W            0.000         0.000         0.000         0.000         0.050


     STARTING VALUES FOR BETWEEN


           NU
              PPLTRST       PPLFAIR       PPLHLP        SCLMEET       INPRDSC
              ________      ________      ________      ________      ________
                5.115         5.661         5.058         4.812         2.774


           NU
              SCLACT        IMBGECO       IMUECLT       IMWBCNT       TRSTPRL
              ________      ________      ________      ________      ________
                2.743         5.347         5.431         5.073         4.519


           NU
              TRSTPLT       TRSTPRT       STFGOV        STFDEM        STFEDU
              ________      ________      ________      ________      ________
                3.693         3.682         4.116         5.091         5.213


           NU
              STFHLTH
              ________
                5.071


           LAMBDA
              F1B           F2B           F3B           F4B           F5B
              ________      ________      ________      ________      ________
 PPLTRST        1.000         0.000         0.000         0.000         0.000
 PPLFAIR        1.000         0.000         0.000         0.000         0.000
 PPLHLP         1.000         0.000         0.000         0.000         0.000
 SCLMEET        0.000         1.000         0.000         0.000         0.000
 INPRDSC        0.000         1.000         0.000         0.000         0.000
 SCLACT         0.000         1.000         0.000         0.000         0.000
 IMBGECO        0.000         0.000         1.000         0.000         0.000
 IMUECLT        0.000         0.000         1.000         0.000         0.000
 IMWBCNT        0.000         0.000         1.000         0.000         0.000
 TRSTPRL        0.000         0.000         0.000         1.000         0.000
 TRSTPLT        0.000         0.000         0.000         1.000         0.000
 TRSTPRT        0.000         0.000         0.000         1.000         0.000
 STFGOV         0.000         0.000         0.000         0.000         1.000
 STFDEM         0.000         0.000         0.000         0.000         1.000
 STFEDU         0.000         0.000         0.000         0.000         1.000
 STFHLTH        0.000         0.000         0.000         0.000         1.000


           THETA
              PPLTRST       PPLFAIR       PPLHLP        SCLMEET       INPRDSC
              ________      ________      ________      ________      ________
 PPLTRST        0.000
 PPLFAIR        0.000         0.000
 PPLHLP         0.000         0.000         0.000
 SCLMEET        0.000         0.000         0.000         0.000
 INPRDSC        0.000         0.000         0.000         0.000         0.000
 SCLACT         0.000         0.000         0.000         0.000         0.000
 IMBGECO        0.000         0.000         0.000         0.000         0.000
 IMUECLT        0.000         0.000         0.000         0.000         0.000
 IMWBCNT        0.000         0.000         0.000         0.000         0.000
 TRSTPRL        0.000         0.000         0.000         0.000         0.000
 TRSTPLT        0.000         0.000         0.000         0.000         0.000
 TRSTPRT        0.000         0.000         0.000         0.000         0.000
 STFGOV         0.000         0.000         0.000         0.000         0.000
 STFDEM         0.000         0.000         0.000         0.000         0.000
 STFEDU         0.000         0.000         0.000         0.000         0.000
 STFHLTH        0.000         0.000         0.000         0.000         0.000


           THETA
              SCLACT        IMBGECO       IMUECLT       IMWBCNT       TRSTPRL
              ________      ________      ________      ________      ________
 SCLACT         0.000
 IMBGECO        0.000         0.000
 IMUECLT        0.000         0.000         0.000
 IMWBCNT        0.000         0.000         0.000         0.000
 TRSTPRL        0.000         0.000         0.000         0.000         0.000
 TRSTPLT        0.000         0.000         0.000         0.000         0.000
 TRSTPRT        0.000         0.000         0.000         0.000         0.000
 STFGOV         0.000         0.000         0.000         0.000         0.000
 STFDEM         0.000         0.000         0.000         0.000         0.000
 STFEDU         0.000         0.000         0.000         0.000         0.000
 STFHLTH        0.000         0.000         0.000         0.000         0.000


           THETA
              TRSTPLT       TRSTPRT       STFGOV        STFDEM        STFEDU
              ________      ________      ________      ________      ________
 TRSTPLT        0.000
 TRSTPRT        0.000         0.000
 STFGOV         0.000         0.000         0.000
 STFDEM         0.000         0.000         0.000         0.000
 STFEDU         0.000         0.000         0.000         0.000         0.000
 STFHLTH        0.000         0.000         0.000         0.000         0.000


           THETA
              STFHLTH
              ________
 STFHLTH        0.000


           ALPHA
              F1B           F2B           F3B           F4B           F5B
              ________      ________      ________      ________      ________
                0.000         0.000         0.000         0.000         0.000


           BETA
              F1B           F2B           F3B           F4B           F5B
              ________      ________      ________      ________      ________
 F1B            0.000         0.000         0.000         0.000         0.000
 F2B            0.000         0.000         0.000         0.000         0.000
 F3B            0.000         0.000         0.000         0.000         0.000
 F4B            0.000         0.000         0.000         0.000         0.000
 F5B            0.000         0.000         0.000         0.000         0.000


           PSI
              F1B           F2B           F3B           F4B           F5B
              ________      ________      ________      ________      ________
 F1B            0.050
 F2B            0.000         0.050
 F3B            0.000         0.000         0.050
 F4B            0.000         0.000         0.000         0.050
 F5B            0.000         0.000         0.000         0.000         0.050


SAMPLE STATISTICS FOR ESTIMATED FACTOR SCORES


     SAMPLE STATISTICS


           Means
              F1W           F2W           F3W           F4W           F5W
              ________      ________      ________      ________      ________
                0.000         0.000         0.000         0.001         0.001


           Means
              F1B           F2B           F3B           F4B           F5B
              ________      ________      ________      ________      ________
               -0.085        -0.099        -0.232         0.032         0.026


           Means
              B_PPLTRS      B_PPLFAI      B_PPLHLP      B_SCLMEE      B_INPRDS
              ________      ________      ________      ________      ________
                5.115         5.661         5.058         4.812         2.774


           Means
              B_SCLACT      B_IMBGEC      B_IMUECL      B_IMWBCN      B_TRSTPR
              ________      ________      ________      ________      ________
                2.743         5.347         5.431         5.072         4.518


           Means
              B_TRSTPL      B_TRSTPR      B_STFGOV      B_STFDEM      B_STFEDU
              ________      ________      ________      ________      ________
                3.692         3.681         4.115         5.090         5.213


           Means
              B_STFHLT
              ________
                5.071


           Covariances
              F1W           F2W           F3W           F4W           F5W
              ________      ________      ________      ________      ________
 F1W            2.191
 F2W            0.338         0.447
 F3W            0.955         0.298         2.918
 F4W            1.221         0.195         1.006         3.324
 F5W            1.230         0.170         1.101         2.792         3.408
 F1B           -0.002        -0.014        -0.004        -0.004         0.002
 F2B            0.000         0.000        -0.003        -0.006        -0.003
 F3B           -0.002         0.003         0.001        -0.027        -0.022
 F4B            0.033         0.001         0.022         0.073         0.098
 F5B            0.001         0.002        -0.002        -0.007        -0.005
 B_PPLTRS      -0.002        -0.014        -0.004        -0.004         0.001
 B_PPLFAI      -0.002        -0.014        -0.004        -0.004         0.001
 B_PPLHLP      -0.002        -0.015        -0.003        -0.003         0.002
 B_SCLMEE       0.000         0.001        -0.004        -0.009        -0.007
 B_INPRDS       0.001         0.000        -0.005        -0.009        -0.004
 B_SCLACT       0.001         0.001         0.000         0.000         0.000
 B_IMBGEC      -0.003         0.003         0.001        -0.028        -0.023
 B_IMUECL      -0.003         0.003         0.001        -0.031        -0.025
 B_IMWBCN      -0.002         0.003         0.002        -0.025        -0.020
 B_TRSTPR       0.033         0.001         0.022         0.073         0.097
 B_TRSTPL       0.029         0.001         0.019         0.065         0.087
 B_TRSTPR       0.030         0.001         0.019         0.065         0.086
 B_STFGOV       0.002         0.002        -0.001        -0.004        -0.001
 B_STFDEM       0.002         0.005        -0.006        -0.016        -0.011
 B_STFEDU       0.001         0.006        -0.007        -0.019        -0.014
 B_STFHLT       0.001         0.007        -0.008        -0.023        -0.018


           Covariances
              F1B           F2B           F3B           F4B           F5B
              ________      ________      ________      ________      ________
 F1B            0.726
 F2B            0.210         0.104
 F3B            0.593         0.231         0.812
 F4B            0.668         0.218         0.531         0.853
 F5B            0.247         0.081         0.218         0.258         0.119
 B_PPLTRS       0.727         0.211         0.593         0.670         0.247
 B_PPLFAI       0.710         0.206         0.580         0.652         0.241
 B_PPLHLP       0.721         0.208         0.587         0.662         0.244
 B_SCLMEE       0.206         0.104         0.230         0.215         0.082
 B_INPRDS       0.363         0.179         0.396         0.376         0.140
 B_SCLACT       0.035         0.017         0.037         0.037         0.013
 B_IMBGEC       0.593         0.231         0.812         0.530         0.219
 B_IMUECL       0.671         0.262         0.920         0.604         0.248
 B_IMWBCN       0.562         0.218         0.769         0.503         0.207
 B_TRSTPR       0.670         0.219         0.534         0.854         0.260
 B_TRSTPL       0.587         0.191         0.466         0.750         0.227
 B_TRSTPR       0.590         0.192         0.468         0.754         0.228
 B_STFGOV       0.247         0.081         0.219         0.260         0.119
 B_STFDEM       0.617         0.204         0.547         0.648         0.297
 B_STFEDU       0.677         0.223         0.600         0.709         0.326
 B_STFHLT       0.751         0.250         0.666         0.788         0.363


           Covariances
              B_PPLTRS      B_PPLFAI      B_PPLHLP      B_SCLMEE      B_INPRDS
              ________      ________      ________      ________      ________
 B_PPLTRS       0.728
 B_PPLFAI       0.711         0.694
 B_PPLHLP       0.722         0.705         0.716
 B_SCLMEE       0.207         0.202         0.204         0.104
 B_INPRDS       0.364         0.355         0.360         0.179         0.307
 B_SCLACT       0.035         0.034         0.034         0.017         0.030
 B_IMBGEC       0.594         0.580         0.588         0.231         0.396
 B_IMUECL       0.672         0.656         0.665         0.262         0.450
 B_IMWBCN       0.562         0.549         0.557         0.218         0.374
 B_TRSTPR       0.672         0.654         0.664         0.216         0.378
 B_TRSTPL       0.589         0.573         0.582         0.188         0.330
 B_TRSTPR       0.591         0.576         0.585         0.189         0.331
 B_STFGOV       0.247         0.241         0.244         0.082         0.140
 B_STFDEM       0.619         0.603         0.612         0.205         0.350
 B_STFEDU       0.679         0.662         0.671         0.223         0.382
 B_STFHLT       0.754         0.734         0.745         0.251         0.429


           Covariances
              B_SCLACT      B_IMBGEC      B_IMUECL      B_IMWBCN      B_TRSTPR
              ________      ________      ________      ________      ________
 B_SCLACT       0.003
 B_IMBGEC       0.037         0.812
 B_IMUECL       0.042         0.920         1.043
 B_IMWBCN       0.035         0.769         0.872         0.729
 B_TRSTPR       0.037         0.534         0.607         0.506         0.855
 B_TRSTPL       0.033         0.465         0.530         0.441         0.751
 B_TRSTPR       0.033         0.467         0.532         0.443         0.755
 B_STFGOV       0.013         0.219         0.248         0.207         0.261
 B_STFDEM       0.033         0.547         0.620         0.517         0.651
 B_STFEDU       0.035         0.600         0.680         0.567         0.712
 B_STFHLT       0.040         0.666         0.755         0.630         0.792


           Covariances
              B_TRSTPL      B_TRSTPR      B_STFGOV      B_STFDEM      B_STFEDU
              ________      ________      ________      ________      ________
 B_TRSTPL       0.659
 B_TRSTPR       0.663         0.667
 B_STFGOV       0.228         0.230         0.119
 B_STFDEM       0.569         0.572         0.297         0.740
 B_STFEDU       0.622         0.625         0.327         0.815         0.897
 B_STFHLT       0.692         0.695         0.364         0.907         0.998


           Covariances
              B_STFHLT
              ________
 B_STFHLT       1.111


           Correlations
              F1W           F2W           F3W           F4W           F5W
              ________      ________      ________      ________      ________
 F1W            1.000
 F2W            0.341         1.000
 F3W            0.378         0.261         1.000
 F4W            0.453         0.160         0.323         1.000
 F5W            0.450         0.137         0.349         0.830         1.000
 F1B           -0.001        -0.025        -0.003        -0.003         0.001
 F2B            0.001         0.002        -0.006        -0.010        -0.005
 F3B           -0.002         0.005         0.001        -0.016        -0.013
 F4B            0.024         0.001         0.014         0.044         0.057
 F5B            0.001         0.009        -0.004        -0.011        -0.008
 B_PPLTRS      -0.001        -0.025        -0.002        -0.003         0.001
 B_PPLFAI      -0.002        -0.025        -0.003        -0.003         0.001
 B_PPLHLP      -0.001        -0.026        -0.002        -0.002         0.002
 B_SCLMEE       0.000         0.006        -0.007        -0.015        -0.011
 B_INPRDS       0.001         0.000        -0.005        -0.009        -0.004
 B_SCLACT       0.007         0.014        -0.001        -0.003         0.001
 B_IMBGEC      -0.002         0.005         0.001        -0.017        -0.014
 B_IMUECL      -0.002         0.005         0.001        -0.017        -0.013
 B_IMWBCN      -0.002         0.005         0.001        -0.016        -0.013
 B_TRSTPR       0.024         0.001         0.014         0.043         0.057
 B_TRSTPL       0.025         0.001         0.014         0.044         0.058
 B_TRSTPR       0.024         0.002         0.014         0.044         0.057
 B_STFGOV       0.003         0.009        -0.002        -0.007        -0.002
 B_STFDEM       0.001         0.009        -0.004        -0.010        -0.007
 B_STFEDU       0.001         0.009        -0.004        -0.011        -0.008
 B_STFHLT       0.001         0.010        -0.005        -0.012        -0.009


           Correlations
              F1B           F2B           F3B           F4B           F5B
              ________      ________      ________      ________      ________
 F1B            1.000
 F2B            0.765         1.000
 F3B            0.772         0.794         1.000
 F4B            0.849         0.732         0.639         1.000
 F5B            0.839         0.733         0.703         0.812         1.000
 B_PPLTRS       1.000         0.767         0.772         0.850         0.841
 B_PPLFAI       1.000         0.766         0.772         0.848         0.838
 B_PPLHLP       1.000         0.763         0.771         0.848         0.837
 B_SCLMEE       0.750         0.998         0.792         0.720         0.734
 B_INPRDS       0.769         1.000         0.793         0.735         0.732
 B_SCLACT       0.740         0.971         0.752         0.733         0.688
 B_IMBGEC       0.772         0.793         1.000         0.637         0.703
 B_IMUECL       0.771         0.795         1.000         0.640         0.703
 B_IMWBCN       0.772         0.791         1.000         0.638         0.702
 B_TRSTPR       0.850         0.735         0.641         1.000         0.814
 B_TRSTPL       0.848         0.730         0.637         1.000         0.810
 B_TRSTPR       0.847         0.729         0.636         1.000         0.810
 B_STFGOV       0.837         0.731         0.702         0.816         0.999
 B_STFDEM       0.842         0.735         0.705         0.815         1.000
 B_STFEDU       0.839         0.729         0.703         0.810         1.000
 B_STFHLT       0.837         0.735         0.701         0.810         1.000


           Correlations
              B_PPLTRS      B_PPLFAI      B_PPLHLP      B_SCLMEE      B_INPRDS
              ________      ________      ________      ________      ________
 B_PPLTRS       1.000
 B_PPLFAI       1.000         1.000
 B_PPLHLP       1.000         1.000         1.000
 B_SCLMEE       0.752         0.751         0.747         1.000
 B_INPRDS       0.771         0.770         0.767         0.997         1.000
 B_SCLACT       0.742         0.740         0.738         0.963         0.972
 B_IMBGEC       0.773         0.773         0.771         0.792         0.793
 B_IMUECL       0.772         0.772         0.770         0.793         0.795
 B_IMWBCN       0.772         0.772         0.771         0.789         0.791
 B_TRSTPR       0.852         0.849         0.849         0.723         0.738
 B_TRSTPL       0.850         0.847         0.848         0.718         0.733
 B_TRSTPR       0.849         0.846         0.846         0.718         0.732
 B_STFGOV       0.839         0.837         0.836         0.731         0.730
 B_STFDEM       0.844         0.841         0.840         0.736         0.734
 B_STFEDU       0.841         0.839         0.838         0.730         0.728
 B_STFHLT       0.838         0.836         0.835         0.736         0.734


           Correlations
              B_SCLACT      B_IMBGEC      B_IMUECL      B_IMWBCN      B_TRSTPR
              ________      ________      ________      ________      ________
 B_SCLACT       1.000
 B_IMBGEC       0.751         1.000
 B_IMUECL       0.754         1.000         1.000
 B_IMWBCN       0.751         1.000         1.000         1.000
 B_TRSTPR       0.735         0.640         0.643         0.640         1.000
 B_TRSTPL       0.732         0.636         0.639         0.636         1.000
 B_TRSTPR       0.731         0.635         0.638         0.635         1.000
 B_STFGOV       0.687         0.702         0.702         0.701         0.818
 B_STFDEM       0.690         0.706         0.705         0.704         0.818
 B_STFEDU       0.683         0.703         0.703         0.702         0.813
 B_STFHLT       0.690         0.702         0.701         0.700         0.812


           Correlations
              B_TRSTPL      B_TRSTPR      B_STFGOV      B_STFDEM      B_STFEDU
              ________      ________      ________      ________      ________
 B_TRSTPL       1.000
 B_TRSTPR       1.000         1.000
 B_STFGOV       0.814         0.814         1.000
 B_STFDEM       0.814         0.813         0.999         1.000
 B_STFEDU       0.809         0.808         0.999         1.000         1.000
 B_STFHLT       0.808         0.808         0.999         1.000         1.000


           Correlations
              B_STFHLT
              ________
 B_STFHLT       1.000


SAVEDATA INFORMATION


  Save file
    ess11_analysis_dataset_mplus_nocolnames_fscores_nuts1.csv

  Order and format of variables

    PPLTRST        F10.3
    PPLFAIR        F10.3
    PPLHLP         F10.3
    SCLMEET        F10.3
    INPRDSC        F10.3
    SCLACT         F10.3
    IMBGECO        F10.3
    IMUECLT        F10.3
    IMWBCNT        F10.3
    TRSTPRL        F10.3
    TRSTPLT        F10.3
    TRSTPRT        F10.3
    STFGOV         F10.3
    STFDEM         F10.3
    STFEDU         F10.3
    STFHLTH        F10.3
    ROW_ID         F10.3
    F1W            F10.3
    F2W            F10.3
    F3W            F10.3
    F4W            F10.3
    F5W            F10.3
    F1B            F10.3
    F2B            F10.3
    F3B            F10.3
    F4B            F10.3
    F5B            F10.3
    B_PPLTRST      F10.3
    B_PPLFAIR      F10.3
    B_PPLHLP       F10.3
    B_SCLMEET      F10.3
    B_INPRDSC      F10.3
    B_SCLACT       F10.3
    B_IMBGECO      F10.3
    B_IMUECLT      F10.3
    B_IMWBCNT      F10.3
    B_TRSTPRL      F10.3
    B_TRSTPLT      F10.3
    B_TRSTPRT      F10.3
    B_STFGOV       F10.3
    B_STFDEM       F10.3
    B_STFEDU       F10.3
    B_STFHLTH      F10.3
    NUTS1_NUM      I3

  Save file format
    43F10.3 I3

  Save file record length    10000

  Save missing symbol        *


DIAGRAM INFORMATION

  Mplus diagrams are currently not available for multilevel analysis.
  No diagram output was produced.


     Beginning Time:  02:59:11
        Ending Time:  02:59:38
       Elapsed Time:  00:00:27



MUTHEN & MUTHEN
3463 Stoner Ave.
Los Angeles, CA  90066

Tel: (310) 391-9971
Fax: (310) 391-8971
Web: www.StatModel.com
Support: Support@StatModel.com

Copyright (c) 1998-2024 Muthen & Muthen
